2026-02-08 18:38:02,818 - INFO - Loading India data...
2026-02-08 18:38:03,029 - INFO - ✓ Loaded windowed data
2026-02-08 18:38:03,031 - INFO - 
================================================================================
2026-02-08 18:38:03,031 - INFO - IMPROVED TRAINING PIPELINE v2
2026-02-08 18:38:03,031 - INFO - ================================================================================
2026-02-08 18:38:03,031 - INFO - Started: 2026-02-08 18:38:03
2026-02-08 18:38:03,031 - INFO - 
Data:
2026-02-08 18:38:03,031 - INFO -   Sequence length: 20
2026-02-08 18:38:03,031 - INFO -   Feature dimension: 52
2026-02-08 18:38:03,031 - INFO -   Train samples: 63,730
2026-02-08 18:38:03,031 - INFO -   Val samples: 11,456
2026-02-08 18:38:03,031 - INFO -   Test samples: 11,714
2026-02-08 18:38:03,263 - INFO -   TRAIN: 63,730 samples, pos_ratio=50.79%, pos_weight=0.97
2026-02-08 18:38:03,290 - INFO -   VAL: 11,456 samples, pos_ratio=51.46%, pos_weight=0.94
2026-02-08 18:38:03,290 - INFO - 
Training Config:
2026-02-08 18:38:03,290 - INFO -   Epochs: 150
2026-02-08 18:38:03,290 - INFO -   Batch size: 64
2026-02-08 18:38:03,290 - INFO -   Effective batch: 128
2026-02-08 18:38:03,290 - INFO -   Learning rate: 0.0005
2026-02-08 18:38:03,290 - INFO -   Weight decay: 0.01
2026-02-08 18:38:03,290 - INFO -   Patience: 25
2026-02-08 18:38:03,291 - INFO -   Grad clip: 1.0
2026-02-08 18:38:03,291 - INFO -   Mixed precision: False
2026-02-08 18:38:03,291 - INFO - 
====================================================================================================
2026-02-08 18:38:03,291 - INFO - Epoch  |     LR     | Train Loss |  Val Loss  | Val Acc  | Val Prec | Val Rec  |  Val F1 
2026-02-08 18:38:03,291 - INFO - ----------------------------------------------------------------------------------------------------
2026-02-08 18:39:13,647 - INFO - Loading India data...
2026-02-08 18:39:13,711 - INFO - ✓ Loaded windowed data
2026-02-08 18:39:13,711 - INFO - 
================================================================================
2026-02-08 18:39:13,711 - INFO - IMPROVED TRAINING PIPELINE v2
2026-02-08 18:39:13,711 - INFO - ================================================================================
2026-02-08 18:39:13,711 - INFO - Started: 2026-02-08 18:39:13
2026-02-08 18:39:13,711 - INFO - 
Data:
2026-02-08 18:39:13,711 - INFO -   Sequence length: 20
2026-02-08 18:39:13,711 - INFO -   Feature dimension: 52
2026-02-08 18:39:13,711 - INFO -   Train samples: 63,730
2026-02-08 18:39:13,711 - INFO -   Val samples: 11,456
2026-02-08 18:39:13,711 - INFO -   Test samples: 11,714
2026-02-08 18:39:13,830 - INFO -   TRAIN: 63,730 samples, pos_ratio=50.79%, pos_weight=0.97
2026-02-08 18:39:13,844 - INFO -   VAL: 11,456 samples, pos_ratio=51.46%, pos_weight=0.94
2026-02-08 18:39:13,845 - INFO - 
Training Config:
2026-02-08 18:39:13,845 - INFO -   Epochs: 150
2026-02-08 18:39:13,845 - INFO -   Batch size: 64
2026-02-08 18:39:13,845 - INFO -   Effective batch: 128
2026-02-08 18:39:13,845 - INFO -   Learning rate: 0.0005
2026-02-08 18:39:13,845 - INFO -   Weight decay: 0.01
2026-02-08 18:39:13,845 - INFO -   Patience: 25
2026-02-08 18:39:13,845 - INFO -   Grad clip: 1.0
2026-02-08 18:39:13,845 - INFO -   Mixed precision: False
2026-02-08 18:39:13,846 - INFO - 
====================================================================================================
2026-02-08 18:39:13,846 - INFO - Epoch  |     LR     | Train Loss |  Val Loss  | Val Acc  | Val Prec | Val Rec  |  Val F1 
2026-02-08 18:39:13,846 - INFO - ----------------------------------------------------------------------------------------------------
2026-02-08 18:41:17,885 - INFO -   1    |  1.00e-06  |   0.1416   |   0.0701   |  0.5145  |  0.5145  |  0.9998  |  0.6794 
2026-02-08 18:41:18,039 - INFO -   ✓ New best model saved! F1=0.6794, Acc=0.5145
2026-02-08 18:43:21,566 - INFO -   2    |  5.09e-05  |   0.0716   |   0.0541   |  0.5148  |  0.5147  |  0.9998  |  0.6795 
2026-02-08 18:43:21,701 - INFO -   ✓ New best model saved! F1=0.6795, Acc=0.5148
2026-02-08 18:45:29,699 - INFO -   3    |  1.01e-04  |   0.0576   |   0.0524   |  0.5151  |  0.5149  |  0.9997  |  0.6797 
2026-02-08 18:45:29,828 - INFO -   ✓ New best model saved! F1=0.6797, Acc=0.5151
2026-02-08 18:47:42,315 - INFO -   4    |  1.51e-04  |   0.0548   |   0.0518   |  0.5146  |  0.5146  |  1.0000  |  0.6795 
2026-02-08 18:49:51,708 - INFO -   5    |  2.01e-04  |   0.0534   |   0.0516   |  0.5146  |  0.5146  |  1.0000  |  0.6795 
2026-02-08 18:52:02,575 - INFO -   6    |  2.51e-04  |   0.0525   |   0.0512   |  0.5146  |  0.5146  |  1.0000  |  0.6795 
2026-02-08 18:54:09,634 - INFO -   7    |  3.00e-04  |   0.0519   |   0.0512   |  0.5152  |  0.5149  |  0.9997  |  0.6797 
2026-02-08 18:54:09,777 - INFO -   ✓ New best model saved! F1=0.6797, Acc=0.5152
2026-02-08 18:56:18,182 - INFO -   8    |  3.50e-04  |   0.0516   |   0.0511   |  0.5146  |  0.5146  |  1.0000  |  0.6795 
2026-02-08 18:58:23,347 - INFO -   9    |  4.00e-04  |   0.0513   |   0.0512   |  0.5147  |  0.5146  |  1.0000  |  0.6795 
2026-02-08 19:00:28,730 - INFO -   10   |  4.50e-04  |   0.0511   |   0.0516   |  0.5146  |  0.5146  |  1.0000  |  0.6795 
2026-02-08 19:02:43,354 - INFO -   11   |  5.00e-04  |   0.0510   |   0.0511   |  0.5146  |  0.5146  |  1.0000  |  0.6795 
2026-02-08 19:04:57,283 - INFO -   12   |  4.97e-04  |   0.0508   |   0.0511   |  0.5148  |  0.5147  |  0.9998  |  0.6795 
2026-02-08 19:07:07,693 - INFO -   13   |  4.88e-04  |   0.0507   |   0.0510   |  0.5146  |  0.5146  |  1.0000  |  0.6795 
2026-02-08 19:09:19,323 - INFO -   14   |  4.73e-04  |   0.0506   |   0.0511   |  0.5146  |  0.5146  |  1.0000  |  0.6795 
2026-02-08 19:11:35,268 - INFO -   15   |  4.52e-04  |   0.0506   |   0.0514   |  0.5146  |  0.5146  |  1.0000  |  0.6795 
2026-02-08 19:13:46,722 - INFO -   16   |  4.27e-04  |   0.0505   |   0.0514   |  0.5146  |  0.5146  |  1.0000  |  0.6795 
2026-02-08 19:15:54,630 - INFO -   17   |  3.97e-04  |   0.0505   |   0.0516   |  0.5146  |  0.5146  |  1.0000  |  0.6795 
2026-02-08 19:18:01,995 - INFO -   18   |  3.64e-04  |   0.0504   |   0.0514   |  0.5146  |  0.5146  |  1.0000  |  0.6795 
2026-02-08 19:20:06,111 - INFO -   19   |  3.27e-04  |   0.0503   |   0.0531   |  0.5147  |  0.5146  |  1.0000  |  0.6795 
2026-02-08 19:22:10,026 - INFO -   20   |  2.89e-04  |   0.0503   |   0.0515   |  0.5146  |  0.5146  |  1.0000  |  0.6795 
2026-02-08 19:24:14,494 - INFO -   21   |  2.50e-04  |   0.0502   |   0.0514   |  0.5146  |  0.5146  |  1.0000  |  0.6795 
2026-02-08 19:26:18,589 - INFO -   22   |  2.11e-04  |   0.0501   |   0.0519   |  0.5147  |  0.5147  |  0.9971  |  0.6789 
2026-02-08 19:28:22,701 - INFO -   23   |  1.73e-04  |   0.0501   |   0.0512   |  0.5146  |  0.5146  |  1.0000  |  0.6795 
2026-02-08 19:30:26,858 - INFO -   24   |  1.37e-04  |   0.0500   |   0.0514   |  0.5146  |  0.5146  |  1.0000  |  0.6795 
2026-02-08 19:32:30,804 - INFO -   25   |  1.03e-04  |   0.0500   |   0.0515   |  0.5142  |  0.5144  |  0.9969  |  0.6787 
2026-02-08 19:34:36,972 - INFO -   26   |  7.33e-05  |   0.0499   |   0.0520   |  0.5141  |  0.5144  |  0.9915  |  0.6774 
2026-02-08 19:36:47,079 - INFO -   27   |  4.78e-05  |   0.0498   |   0.0519   |  0.5143  |  0.5146  |  0.9903  |  0.6773 
2026-02-08 19:38:56,400 - INFO -   28   |  2.73e-05  |   0.0498   |   0.0522   |  0.5142  |  0.5147  |  0.9808  |  0.6751 
2026-02-08 19:41:04,839 - INFO -   29   |  1.23e-05  |   0.0498   |   0.0522   |  0.5146  |  0.5148  |  0.9863  |  0.6765 
2026-02-08 19:43:13,365 - INFO -   30   |  3.18e-06  |   0.0498   |   0.0521   |  0.5143  |  0.5146  |  0.9883  |  0.6768 
2026-02-08 19:45:23,223 - INFO -   31   |  5.00e-04  |   0.0502   |   0.0516   |  0.5146  |  0.5146  |  1.0000  |  0.6795 
2026-02-08 19:47:37,538 - INFO -   32   |  4.99e-04  |   0.0501   |   0.0523   |  0.5146  |  0.5146  |  1.0000  |  0.6795 
2026-02-08 19:47:37,539 - INFO - 
✓ Early stopping at epoch 32
2026-02-08 19:47:37,539 - INFO - 
================================================================================
2026-02-08 19:47:37,539 - INFO - TRAINING COMPLETE
2026-02-08 19:47:37,539 - INFO - ================================================================================
2026-02-08 19:47:37,539 - INFO - Best Validation Metrics:
2026-02-08 19:47:37,539 - INFO -   Accuracy:  0.5152
2026-02-08 19:47:37,539 - INFO -   Precision: 0.5149
2026-02-08 19:47:37,539 - INFO -   Recall:    0.9997
2026-02-08 19:47:37,539 - INFO -   F1 Score:  0.6797
2026-02-08 19:47:37,539 - INFO -   AUC-ROC:   0.4990
2026-02-08 19:47:37,539 - INFO -   Return MAE: 0.016660
2026-02-08 19:47:37,539 - INFO -   Directional Acc: 0.5146
2026-02-08 19:47:37,539 - INFO -   Optimal Threshold: 0.409
2026-02-08 19:47:37,542 - INFO - 
✓ History saved: logs/india_history_v2.json
2026-02-08 19:47:37,542 - INFO - ✓ Model saved: models/India/best_model_v2.pt
2026-02-08 19:47:37,559 - INFO - 
✓ Training completed successfully!
2026-02-08 19:47:37,559 - INFO - 
To evaluate, run: python evaluation_v2.py
2026-02-08 19:58:49,863 - INFO - 
================================================================================
2026-02-08 19:58:49,864 - INFO - MODEL EVALUATION v2
2026-02-08 19:58:49,864 - INFO - ================================================================================
2026-02-08 19:58:49,864 - INFO - Started: 2026-02-08 19:58:49
2026-02-08 19:58:49,864 - INFO - Loading data...
2026-02-08 19:58:50,102 - INFO -   Feature dim: 52
2026-02-08 19:58:50,102 - INFO -   Seq length: 20
2026-02-08 19:58:50,102 - INFO -   Test samples: 11,714
2026-02-08 19:58:50,102 - INFO - Loading model...
2026-02-08 19:58:50,320 - INFO -   Loaded from epoch 6
2026-02-08 19:58:50,320 - INFO -   Val F1 at save: 0.6797
2026-02-08 19:58:50,332 - INFO -   TEST: 11,714 samples, pos_ratio=46.48%, pos_weight=1.15
2026-02-08 19:58:50,332 - INFO - Running predictions...
2026-02-08 19:58:55,367 - INFO - Optimal threshold: 0.300
2026-02-08 19:58:55,415 - INFO - 
============================================================
2026-02-08 19:58:55,415 - INFO - TEST SET RESULTS
2026-02-08 19:58:55,415 - INFO - ============================================================
2026-02-08 19:58:55,415 - INFO - 
Movement Classification:
2026-02-08 19:58:55,415 - INFO -   Accuracy:    0.4649
2026-02-08 19:58:55,415 - INFO -   Precision:   0.4649
2026-02-08 19:58:55,415 - INFO -   Recall:      1.0000
2026-02-08 19:58:55,415 - INFO -   F1 Score:    0.6347
2026-02-08 19:58:55,415 - INFO -   AUC-ROC:     0.4860
2026-02-08 19:58:55,415 - INFO -   AUC-PR:      0.4488
2026-02-08 19:58:55,415 - INFO - 
Return Prediction:
2026-02-08 19:58:55,415 - INFO -   MAE:         0.016478
2026-02-08 19:58:55,415 - INFO -   RMSE:        0.020592
2026-02-08 19:58:55,415 - INFO -   Dir. Acc:    0.4649
2026-02-08 19:58:55,415 - INFO - 
Confusion Matrix:
2026-02-08 19:58:55,415 - INFO -   TN=    0  FP= 6267
2026-02-08 19:58:55,415 - INFO -   FN=    0  TP= 5445
2026-02-08 19:58:55,415 - INFO - 
Confidence Analysis:
2026-02-08 19:58:55,415 - INFO -   0.0-0.2: n=11712, acc=0.465, f1=0.635
2026-02-08 19:58:55,416 - INFO - 
✓ Results saved: results/evaluation_results_v2.json
2026-02-08 19:58:57,138 - INFO - ✓ Plots saved: results/evaluation_plots_v2.png
2026-02-08 19:58:57,182 - INFO - ✓ Predictions saved: results/predictions_v2.json
2026-02-08 19:58:57,182 - INFO - 
================================================================================
2026-02-08 19:58:57,182 - INFO - EVALUATION COMPLETE
2026-02-08 19:58:57,182 - INFO - ================================================================================
