2026-02-09 01:18:13,737 - INFO - Loading India data...
2026-02-09 01:18:14,306 - INFO - ✓ Loaded windowed data
2026-02-09 01:18:14,306 - INFO - 
================================================================================
2026-02-09 01:18:14,306 - INFO - SECTOR-AWARE GAT-TFT EVALUATION v3
2026-02-09 01:18:14,306 - INFO - ================================================================================
2026-02-09 01:18:14,306 - INFO - Started: 2026-02-09 01:18:14
2026-02-09 01:18:14,306 - INFO - 
Data:
2026-02-09 01:18:14,307 - INFO -   Feature dim: 52
2026-02-09 01:18:14,307 - INFO -   Sequence length: 20
2026-02-09 01:18:14,307 - INFO -   Test samples: 33,614
2026-02-09 01:18:14,635 - INFO - ✓ Loaded model from epoch 0
2026-02-09 01:18:14,635 - INFO -   Training best: Acc=0.5152, F1=0.5860
2026-02-09 01:18:14,696 - INFO -   TEST: 33,614 samples, pos_ratio=49.50%
2026-02-09 01:18:14,696 - INFO - 
Generating predictions...
2026-02-09 01:18:24,072 - INFO - 
Multi-threshold evaluation...
2026-02-09 01:18:27,965 - INFO - 
============================================================
2026-02-09 01:18:27,965 - INFO - BEST RESULTS BY METRIC
2026-02-09 01:18:27,965 - INFO - ============================================================
2026-02-09 01:18:27,965 - INFO - 
Best F1 Score (threshold=0.300):
2026-02-09 01:18:27,965 - INFO -   Accuracy:    0.4951
2026-02-09 01:18:27,965 - INFO -   Precision:   0.4951
2026-02-09 01:18:27,965 - INFO -   Recall:      1.0000
2026-02-09 01:18:27,965 - INFO -   F1:          0.6623
2026-02-09 01:18:27,965 - INFO - 
Best Accuracy (threshold=0.440):
2026-02-09 01:18:27,965 - INFO -   Accuracy:    0.5109
2026-02-09 01:18:27,965 - INFO -   Precision:   0.5113
2026-02-09 01:18:27,965 - INFO -   Recall:      0.2745
2026-02-09 01:18:27,965 - INFO -   F1:          0.3573
2026-02-09 01:18:27,965 - INFO - 
Best Balanced (threshold=0.400):
2026-02-09 01:18:27,965 - INFO -   Accuracy:    0.4955
2026-02-09 01:18:27,965 - INFO -   Precision:   0.4953
2026-02-09 01:18:27,965 - INFO -   Recall:      0.9981
2026-02-09 01:18:27,965 - INFO -   F1:          0.6620
2026-02-09 01:18:27,992 - INFO - 
AUC Metrics:
2026-02-09 01:18:27,992 - INFO -   AUC-ROC:  0.5122
2026-02-09 01:18:27,992 - INFO -   AUC-PR:   0.5056
2026-02-09 01:18:27,993 - INFO - 
Return Prediction:
2026-02-09 01:18:27,993 - INFO -   Directional Accuracy: 0.5043
2026-02-09 01:18:27,993 - INFO -   MAE: 0.015133
2026-02-09 01:18:27,993 - INFO - 
============================================================
2026-02-09 01:18:27,993 - INFO - PER-SECTOR RESULTS
2026-02-09 01:18:27,993 - INFO - ============================================================
2026-02-09 01:18:28,122 - INFO -   Sector 0: Acc=0.5269, F1=0.3741, AUC=0.5268, N=3346
2026-02-09 01:18:28,122 - INFO -   Sector 1: Acc=0.5115, F1=0.5136, AUC=0.5083, N=3300
2026-02-09 01:18:28,122 - INFO -   Sector 2: Acc=0.5107, F1=0.5185, AUC=0.5174, N=3356
2026-02-09 01:18:28,122 - INFO -   Sector 3: Acc=0.5001, F1=0.6536, AUC=0.5074, N=3347
2026-02-09 01:18:28,122 - INFO -   Sector 4: Acc=0.5114, F1=0.3668, AUC=0.5128, N=3377
2026-02-09 01:18:28,122 - INFO -   Sector 5: Acc=0.5112, F1=0.5272, AUC=0.5154, N=3384
2026-02-09 01:18:28,122 - INFO -   Sector 6: Acc=0.5084, F1=0.3593, AUC=0.5096, N=3395
2026-02-09 01:18:28,122 - INFO -   Sector 7: Acc=0.5187, F1=0.5291, AUC=0.5145, N=3310
2026-02-09 01:18:28,122 - INFO -   Sector 8: Acc=0.5151, F1=0.1949, AUC=0.5001, N=3306
2026-02-09 01:18:28,122 - INFO -   Sector 9: Acc=0.5116, F1=0.6183, AUC=0.5089, N=3415
2026-02-09 01:18:28,122 - INFO - 
============================================================
2026-02-09 01:18:28,122 - INFO - ENSEMBLE STRATEGIES
2026-02-09 01:18:28,122 - INFO - ============================================================
2026-02-09 01:18:28,258 - INFO -   optimal_threshold: Acc=0.5086, F1=0.5178
2026-02-09 01:18:28,258 - INFO -   return_sign: Acc=0.5043, F1=0.1725
2026-02-09 01:18:28,258 - INFO -   combined: Acc=0.5053, F1=0.0764
2026-02-09 01:18:28,263 - WARNING - Calibration analysis failed: operands could not be broadcast together with shapes (2,) (10,) 
2026-02-09 01:18:28,263 - INFO - 
Calibration ECE: nan
2026-02-09 01:18:28,319 - INFO - 
Confusion Matrix (threshold=0.400):
2026-02-09 01:18:28,319 - INFO -   [[TN=   45  FP=16888]
2026-02-09 01:18:28,319 - INFO -    [FN=   31  TP=16572]]
2026-02-09 01:18:28,319 - INFO - 
Classification Report:
2026-02-09 01:18:28,372 - INFO -               precision    recall  f1-score   support

        Down       0.59      0.00      0.01     16933
          Up       0.50      1.00      0.66     16603

    accuracy                           0.50     33536
   macro avg       0.54      0.50      0.33     33536
weighted avg       0.54      0.50      0.33     33536

2026-02-09 01:18:28,374 - INFO - 
✓ Results saved to results/india_evaluation_v3.json
2026-02-09 01:18:28,496 - INFO - ✓ Predictions saved to results/india_predictions_v3.json
2026-02-09 01:18:28,503 - INFO - 
✓ Evaluation completed!
2026-02-09 01:19:29,121 - INFO - Loading India data...
2026-02-09 01:19:29,689 - INFO - ✓ Loaded windowed data
2026-02-09 01:19:29,691 - INFO - 
================================================================================
2026-02-09 01:19:29,691 - INFO - SECTOR-AWARE GAT-TFT EVALUATION v3
2026-02-09 01:19:29,691 - INFO - ================================================================================
2026-02-09 01:19:29,691 - INFO - Started: 2026-02-09 01:19:29
2026-02-09 01:19:29,691 - INFO - 
Data:
2026-02-09 01:19:29,691 - INFO -   Feature dim: 52
2026-02-09 01:19:29,691 - INFO -   Sequence length: 20
2026-02-09 01:19:29,691 - INFO -   Test samples: 33,614
2026-02-09 01:19:29,988 - INFO - ✓ Loaded model from epoch 0
2026-02-09 01:19:29,989 - INFO -   Training best: Acc=0.5152, F1=0.5860
2026-02-09 01:19:30,061 - INFO -   TEST: 33,614 samples, pos_ratio=49.50%
2026-02-09 01:19:30,062 - INFO - 
Generating predictions...
2026-02-09 01:19:39,495 - INFO - 
Multi-threshold evaluation...
2026-02-09 01:19:43,415 - INFO - 
============================================================
2026-02-09 01:19:43,415 - INFO - BEST RESULTS BY METRIC
2026-02-09 01:19:43,415 - INFO - ============================================================
2026-02-09 01:19:43,415 - INFO - 
Best F1 Score (threshold=0.300):
2026-02-09 01:19:43,415 - INFO -   Accuracy:    0.4951
2026-02-09 01:19:43,415 - INFO -   Precision:   0.4951
2026-02-09 01:19:43,415 - INFO -   Recall:      1.0000
2026-02-09 01:19:43,415 - INFO -   F1:          0.6623
2026-02-09 01:19:43,415 - INFO - 
Best Accuracy (threshold=0.440):
2026-02-09 01:19:43,415 - INFO -   Accuracy:    0.5109
2026-02-09 01:19:43,415 - INFO -   Precision:   0.5113
2026-02-09 01:19:43,415 - INFO -   Recall:      0.2745
2026-02-09 01:19:43,415 - INFO -   F1:          0.3573
2026-02-09 01:19:43,415 - INFO - 
Best Balanced (threshold=0.400):
2026-02-09 01:19:43,415 - INFO -   Accuracy:    0.4955
2026-02-09 01:19:43,415 - INFO -   Precision:   0.4953
2026-02-09 01:19:43,415 - INFO -   Recall:      0.9981
2026-02-09 01:19:43,415 - INFO -   F1:          0.6620
2026-02-09 01:19:43,441 - INFO - 
AUC Metrics:
2026-02-09 01:19:43,442 - INFO -   AUC-ROC:  0.5122
2026-02-09 01:19:43,442 - INFO -   AUC-PR:   0.5056
2026-02-09 01:19:43,442 - INFO - 
Return Prediction:
2026-02-09 01:19:43,442 - INFO -   Directional Accuracy: 0.5043
2026-02-09 01:19:43,442 - INFO -   MAE: 0.015133
2026-02-09 01:19:43,442 - INFO - 
============================================================
2026-02-09 01:19:43,442 - INFO - PER-SECTOR RESULTS
2026-02-09 01:19:43,442 - INFO - ============================================================
2026-02-09 01:19:43,577 - INFO -   Sector 0: Acc=0.5269, F1=0.3741, AUC=0.5268, N=3346
2026-02-09 01:19:43,577 - INFO -   Sector 1: Acc=0.5115, F1=0.5136, AUC=0.5083, N=3300
2026-02-09 01:19:43,577 - INFO -   Sector 2: Acc=0.5107, F1=0.5185, AUC=0.5174, N=3356
2026-02-09 01:19:43,577 - INFO -   Sector 3: Acc=0.5001, F1=0.6536, AUC=0.5074, N=3347
2026-02-09 01:19:43,577 - INFO -   Sector 4: Acc=0.5114, F1=0.3668, AUC=0.5128, N=3377
2026-02-09 01:19:43,578 - INFO -   Sector 5: Acc=0.5112, F1=0.5272, AUC=0.5154, N=3384
2026-02-09 01:19:43,578 - INFO -   Sector 6: Acc=0.5084, F1=0.3593, AUC=0.5096, N=3395
2026-02-09 01:19:43,578 - INFO -   Sector 7: Acc=0.5187, F1=0.5291, AUC=0.5145, N=3310
2026-02-09 01:19:43,578 - INFO -   Sector 8: Acc=0.5151, F1=0.1949, AUC=0.5001, N=3306
2026-02-09 01:19:43,578 - INFO -   Sector 9: Acc=0.5116, F1=0.6183, AUC=0.5089, N=3415
2026-02-09 01:19:43,578 - INFO - 
============================================================
2026-02-09 01:19:43,578 - INFO - ENSEMBLE STRATEGIES
2026-02-09 01:19:43,578 - INFO - ============================================================
2026-02-09 01:19:43,704 - INFO -   optimal_threshold: Acc=0.5086, F1=0.5178
2026-02-09 01:19:43,704 - INFO -   return_sign: Acc=0.5043, F1=0.1725
2026-02-09 01:19:43,704 - INFO -   combined: Acc=0.5053, F1=0.0764
2026-02-09 01:19:43,708 - WARNING - Calibration analysis failed: operands could not be broadcast together with shapes (2,) (10,) 
2026-02-09 01:19:43,709 - INFO - 
Calibration ECE: nan
2026-02-09 01:19:43,763 - INFO - 
Confusion Matrix (threshold=0.400):
2026-02-09 01:19:43,763 - INFO -   [[TN=   45  FP=16888]
2026-02-09 01:19:43,763 - INFO -    [FN=   31  TP=16572]]
2026-02-09 01:19:43,763 - INFO - 
Classification Report:
2026-02-09 01:19:43,816 - INFO -               precision    recall  f1-score   support

        Down       0.59      0.00      0.01     16933
          Up       0.50      1.00      0.66     16603

    accuracy                           0.50     33536
   macro avg       0.54      0.50      0.33     33536
weighted avg       0.54      0.50      0.33     33536

2026-02-09 01:19:43,817 - INFO - 
✓ Results saved to results/india_evaluation_v3.json
2026-02-09 01:19:43,938 - INFO - ✓ Predictions saved to results/india_predictions_v3.json
2026-02-09 01:19:43,941 - INFO - 
✓ Evaluation completed!
