2026-02-04 09:46:21,890 - INFO - 
================================================================================
2026-02-04 09:46:21,890 - INFO - STARTING TRAINING - SIMPLE MODEL FIRST
2026-02-04 09:46:21,890 - INFO - ================================================================================
2026-02-04 09:46:21,890 - INFO - Started at: 2026-02-04 09:46:21
2026-02-04 09:46:21,890 - INFO - Device: mps
2026-02-04 09:46:21,890 - INFO - 
Loading India data...
2026-02-04 09:46:21,893 - INFO - ✓ Loaded India windowed data
2026-02-04 09:46:21,893 - INFO - 
================================================================================
2026-02-04 09:46:21,893 - INFO - TRAINING SIMPLE MODEL (GAT-TFT will come later)
2026-02-04 09:46:21,893 - INFO - ================================================================================
2026-02-04 09:46:21,893 - INFO - ✓ Sequence length: 15
2026-02-04 09:46:21,893 - INFO - ✓ Feature dimension: 34
2026-02-04 09:46:21,893 - INFO - ✓ Training samples: 327
2026-02-04 09:46:21,893 - INFO - ✓ Validation samples: 98
2026-02-04 09:46:21,893 - INFO - 
✓ Class distribution:
2026-02-04 09:46:21,893 - INFO -   Up movements: 166 (50.8%)
2026-02-04 09:46:21,893 - INFO -   Down movements: 161 (49.2%)
2026-02-04 09:46:21,893 - INFO - ✓ Using pos_weight: 0.970
2026-02-04 09:46:21,918 - INFO - 
✓ Model Architecture:
2026-02-04 09:46:21,918 - INFO -   Total parameters: 76,322
2026-02-04 09:46:21,918 - INFO -   Trainable parameters: 76,322
2026-02-04 09:46:21,918 - INFO -   Device: mps
2026-02-04 09:46:22,491 - INFO - SimpleDataLoader: train split
2026-02-04 09:46:22,492 - INFO -   Samples: 327
2026-02-04 09:46:22,492 - INFO -   Batch size: 32
2026-02-04 09:46:22,492 - INFO - SimpleDataLoader: val split
2026-02-04 09:46:22,492 - INFO -   Samples: 98
2026-02-04 09:46:22,492 - INFO -   Batch size: 32
2026-02-04 09:46:22,492 - INFO - 
Epoch  Train Loss   Val Loss     Val Acc    Val F1    
2026-02-04 09:46:22,492 - INFO - ------------------------------------------------------------
2026-02-04 09:46:24,768 - INFO -   ✓ Saved best model (F1: 0.2258)
2026-02-04 09:46:24,768 - INFO - 1      0.8539       0.5462       0.5000     0.2258    
2026-02-04 09:46:24,926 - INFO - 2      0.5864       0.4684       0.5104     0.1754    
2026-02-04 09:46:25,079 - INFO - 3      0.5233       0.4451       0.4271     0.2254    
2026-02-04 09:46:25,248 - INFO -   ✓ Saved best model (F1: 0.2647)
2026-02-04 09:46:25,248 - INFO - 4      0.4764       0.4334       0.4792     0.2647    
2026-02-04 09:46:25,420 - INFO -   ✓ Saved best model (F1: 0.3030)
2026-02-04 09:46:25,420 - INFO - 5      0.4476       0.4251       0.5208     0.3030    
2026-02-04 09:46:25,591 - INFO -   ✓ Saved best model (F1: 0.3636)
2026-02-04 09:46:25,591 - INFO - 6      0.4204       0.4208       0.5625     0.3636    
2026-02-04 09:46:25,742 - INFO - 7      0.4286       0.4218       0.5312     0.3077    
2026-02-04 09:46:25,977 - INFO - 8      0.4336       0.4183       0.5000     0.2000    
2026-02-04 09:46:26,141 - INFO - 9      0.4099       0.4186       0.4792     0.2857    
2026-02-04 09:46:26,310 - INFO -   ✓ Saved best model (F1: 0.4324)
2026-02-04 09:46:26,310 - INFO - 10     0.4077       0.4173       0.5625     0.4324    
2026-02-04 09:46:26,460 - INFO - 11     0.4064       0.4153       0.5521     0.3582    
2026-02-04 09:46:26,632 - INFO -   ✓ Saved best model (F1: 0.4348)
2026-02-04 09:46:26,632 - INFO - 12     0.4021       0.4141       0.5938     0.4348    
2026-02-04 09:46:26,802 - INFO -   ✓ Saved best model (F1: 0.4810)
2026-02-04 09:46:26,802 - INFO - 13     0.3925       0.4151       0.5729     0.4810    
2026-02-04 09:46:26,952 - INFO - 14     0.4057       0.4173       0.5625     0.4615    
2026-02-04 09:46:27,104 - INFO - 15     0.4028       0.4157       0.5521     0.3944    
2026-02-04 09:46:27,255 - INFO - 16     0.3882       0.4120       0.5521     0.3385    
2026-02-04 09:46:27,408 - INFO - 17     0.3828       0.4161       0.5625     0.3226    
2026-02-04 09:46:27,558 - INFO - 18     0.3982       0.4143       0.5729     0.4533    
2026-02-04 09:46:27,708 - INFO - 19     0.3803       0.4102       0.5521     0.4416    
2026-02-04 09:46:27,858 - INFO - 20     0.3843       0.4078       0.5521     0.4267    
2026-02-04 09:46:28,008 - INFO - 21     0.3763       0.4106       0.5625     0.3636    
2026-02-04 09:46:28,155 - INFO - 22     0.3569       0.4192       0.5417     0.4500    
2026-02-04 09:46:28,321 - INFO -   ✓ Saved best model (F1: 0.5385)
2026-02-04 09:46:28,321 - INFO - 23     0.3729       0.4347       0.5000     0.5385    
2026-02-04 09:46:28,471 - INFO - 24     0.3540       0.4398       0.5521     0.3768    
2026-02-04 09:46:28,640 - INFO -   ✓ Saved best model (F1: 0.5393)
2026-02-04 09:46:28,640 - INFO - 25     0.3431       0.4350       0.5729     0.5393    
2026-02-04 09:46:28,791 - INFO - 26     0.3425       0.4481       0.5208     0.5306    
2026-02-04 09:46:28,941 - INFO - 27     0.3198       0.4519       0.5833     0.5349    
2026-02-04 09:46:29,091 - INFO - 28     0.3300       0.4601       0.5833     0.5349    
2026-02-04 09:46:29,286 - INFO - 29     0.3330       0.4639       0.5938     0.5185    
2026-02-04 09:46:29,448 - INFO - 30     0.3270       0.4724       0.5833     0.4737    
2026-02-04 09:46:29,598 - INFO - 31     0.3184       0.4833       0.5729     0.4533    
2026-02-04 09:46:29,748 - INFO - 32     0.3093       0.4888       0.5417     0.5217    
2026-02-04 09:46:29,901 - INFO - 33     0.2751       0.4892       0.5417     0.5217    
2026-02-04 09:46:30,055 - INFO - 34     0.2867       0.4931       0.5417     0.5111    
2026-02-04 09:46:30,207 - INFO - 35     0.2886       0.4953       0.5521     0.5376    
2026-02-04 09:46:30,208 - INFO - 
✓ Early stopping at epoch 35
2026-02-04 09:46:30,208 - INFO - 
✓ Training completed
2026-02-04 09:46:30,208 - INFO - ✓ Best validation F1: 0.5393
2026-02-04 09:46:30,208 - INFO - ✓ Best validation accuracy: 0.5938
2026-02-04 09:46:30,208 - INFO - ✓ Training history saved: logs/india_simple_history.json
2026-02-04 09:46:30,208 - INFO - 
✓ Simple model training completed successfully!
2026-02-04 09:46:30,209 - INFO - ✓ Model saved to: models/India/simple_best_model.pt
2026-02-04 09:46:30,209 - INFO - 
Next steps:
2026-02-04 09:46:30,209 - INFO -   1. Run: python 06_evaluation_simple.py
2026-02-04 09:46:30,209 - INFO -   2. Check logs/training.log for details
2026-02-04 09:46:30,209 - INFO -   3. If accuracy > 55%, then try the full GAT-TFT model
2026-02-04 09:46:30,209 - INFO - 
================================================================================
2026-02-04 09:46:30,209 - INFO - TRAINING COMPLETE
2026-02-04 09:46:30,209 - INFO - Completed at: 2026-02-04 09:46:30
2026-02-04 09:46:30,209 - INFO - ================================================================================
2026-02-04 09:46:46,116 - INFO - 
================================================================================
2026-02-04 09:46:46,116 - INFO - EVALUATING SIMPLE MODEL
2026-02-04 09:46:46,116 - INFO - ================================================================================
2026-02-04 09:46:46,116 - INFO - Started at: 2026-02-04 09:46:46
2026-02-04 09:46:46,116 - INFO - Loading test data...
2026-02-04 09:46:46,116 - INFO - ✓ Loaded windowed data
2026-02-04 09:46:46,117 - INFO - Loading checkpoint...
2026-02-04 09:46:46,136 - INFO - ✓ Model loaded: feature_dim=34, seq_length=15
2026-02-04 09:46:46,136 - INFO -   ✓ Test set: 99 samples
2026-02-04 09:46:46,136 - INFO - Running predictions...
2026-02-04 09:46:46,245 - INFO - 
✓ Test Results:
2026-02-04 09:46:46,245 - INFO -   Movement Accuracy: 0.4479
2026-02-04 09:46:46,245 - INFO -   Movement F1: 0.5954
2026-02-04 09:46:46,245 - INFO -   Precision: 0.4483
2026-02-04 09:46:46,245 - INFO -   Recall: 0.8864
2026-02-04 09:46:46,245 - INFO -   Return MAE: 0.019930
2026-02-04 09:46:46,245 - INFO -   Optimal threshold: 0.300
2026-02-04 09:46:46,245 - INFO - ✓ Results saved: results/simple_evaluation_results.json
2026-02-04 09:46:47,004 - INFO - ✓ Plots saved: results/simple_evaluation_plots.png
2026-02-04 09:46:47,004 - INFO - 
================================================================================
2026-02-04 09:46:47,004 - INFO - ✓ EVALUATION COMPLETE
2026-02-04 09:46:47,004 - INFO - ================================================================================
